[10:05:09] START dataspec=BLOD option=3 fromtime=20140101000000 probeOnly=True
[10:05:09]   python pid=15968
[10:05:20]   dialog#1 "no start kit" selected (check=1)
[10:05:20]   dialog#1 OK pressed
[10:05:21]   downloading... cacheFiles=5305 cacheMB=2131.5
[10:05:31]   dialog#2 (follow-up) OK pressed
[10:05:41] --- python stdout ---
[10:05:41]   {"dataspec": "BLOD", "option": 3, "fromtime": "20140101000000", "rc": 0, "readcount": 231, "downloadcount": 231, "lastfiletimestamp": "20230731143940", "error": null}
[10:05:41] OK: no leftover JV-Link process.
[10:05:55] START dataspec=BLOD option=3 fromtime=20140101000000 probeOnly=False
[10:05:55]   python pid=29392
[10:06:06]   dialog#1 "no start kit" selected (check=1)
[10:06:06]   dialog#1 OK pressed
[10:06:07]   downloading... cacheFiles=5306 cacheMB=2131.5
[10:06:17]   dialog#2 (follow-up) OK pressed
[10:06:27] --- python stdout ---
[10:06:27]   [info] JVOpen OK rc=0 readcount=231 downloadcount=230
[10:06:27]   [info] 230 ファイルのダウンロードが必要。完了まで待機します...
[10:06:27]     ダウンロード進捗: 0/230
[10:06:27]     ダウンロード進捗: 115/230
[10:06:27]   [info] ダウンロード完了 (230/230)
[10:06:27]     [info] JVRead 進捗: 10000 records / file_switches=40
[10:06:27]     [info] JVRead 進捗: 20000 records / file_switches=68
[10:06:27]     [info] JVRead 進捗: 30000 records / file_switches=93
[10:06:27]     [info] JVRead 進捗: 40000 records / file_switches=119
[10:06:27]     [info] JVRead 進捗: 50000 records / file_switches=143
[10:06:27]     [info] JVRead 進捗: 60000 records / file_switches=167
[10:06:27]     [info] JVRead 進捗: 70000 records / file_switches=191
[10:06:27]     [info] JVRead 進捗: 80000 records / file_switches=215
[10:06:27]   [info] file_switches=231 回 / wait_retries=0 回
[10:06:27]   [OK] 集計取得完了。84785 レコード → raw_1786496781.bin
[10:06:27] OK: no leftover JV-Link process.
[10:18:16] START dataspec=DIFF option=3 fromtime=20140101000000 probeOnly=True
[10:18:16]   python pid=36716
[10:18:27]   dialog#1 "no start kit" selected (check=1)
[10:18:27]   dialog#1 OK pressed
[10:18:28]   downloading... cacheFiles=5536 cacheMB=2134.8
[10:18:38]   dialog#2 (follow-up) OK pressed
[10:18:38]   downloading... cacheFiles=5537 cacheMB=2135.3
[10:18:48] --- python stdout ---
[10:18:48]   {"dataspec": "DIFF", "option": 3, "fromtime": "20140101000000", "rc": 0, "readcount": 24, "downloadcount": 24, "lastfiletimestamp": "20230731144210", "error": null}
[10:18:48] OK: no leftover JV-Link process.
[10:19:45] START dataspec=BLDN option=1 fromtime=20140101000000 probeOnly=False
[10:19:45]   python pid=53424
[10:19:55] --- python stdout ---
[10:19:55]   [info] JVOpen OK rc=0 readcount=86 downloadcount=7
[10:19:55]   [info] 7 ファイルのダウンロードが必要。完了まで待機します...
[10:19:55]     ダウンロード進捗: 0/7
[10:19:55]   [info] ダウンロード完了 (7/7)
[10:19:55]     [info] JVRead 進捗: 10000 records / file_switches=69
[10:19:55]   [info] file_switches=86 回 / wait_retries=0 回
[10:19:55]   [OK] 集計取得完了。10350 レコード → raw_1786497588.bin
[10:19:55] OK: no leftover JV-Link process.
[10:22:44] START dataspec=DIFN option=1 fromtime=20140101000000 probeOnly=False
[10:22:44]   python pid=24476
[10:22:54]   downloading... cacheFiles=6279 cacheMB=2189.3
